// Jest Snapshot v1, https://goo.gl/fbAQLP

exports[`About page loads 1`] = `ReactWrapper {}`;
