// Jest Snapshot v1, https://goo.gl/fbAQLP

exports[`Details page loads. 1`] = `ReactWrapper {}`;
