// Jest Snapshot v1, https://goo.gl/fbAQLP

exports[`Help page loads 1`] = `ReactWrapper {}`;
