// Jest Snapshot v1, https://goo.gl/fbAQLP

exports[`App loads correctly 1`] = `ReactWrapper {}`;
