// Jest Snapshot v1, https://goo.gl/fbAQLP

exports[`Prompt modal loads 1`] = `ReactWrapper {}`;
